Archive member included to satisfy reference by file (symbol)

/nix/store/akhr6dy289x36fwlhak6kman61dj2blg-gcc-arm-embedded-14.2.rel1/bin/../lib/gcc/arm-none-eabi/14.2.1/../../../../arm-none-eabi/lib/thumb/v7-m/nofp/libc.a(libc_a-memset.o)
                              frtos/tasks.o (memset)
/nix/store/akhr6dy289x36fwlhak6kman61dj2blg-gcc-arm-embedded-14.2.rel1/bin/../lib/gcc/arm-none-eabi/14.2.1/../../../../arm-none-eabi/lib/thumb/v7-m/nofp/libc.a(libc_a-memcpy.o)
                              frtos/queue.o (memcpy)

Discarded input sections

 .data          0x00000000        0x0 main.o
 .bss           0x00000000        0x0 main.o
 .text          0x00000000      0x260 frtos/portable/GCC/ARM_CM3/port.o
 .data          0x00000000        0x4 frtos/portable/GCC/ARM_CM3/port.o
 .bss           0x00000000        0x0 frtos/portable/GCC/ARM_CM3/port.o
 .comment       0x00000000       0x46 frtos/portable/GCC/ARM_CM3/port.o
 .ARM.attributes
                0x00000000       0x2d frtos/portable/GCC/ARM_CM3/port.o
 .text          0x00000000      0x15e frtos/list.o
 .data          0x00000000        0x0 frtos/list.o
 .bss           0x00000000        0x0 frtos/list.o
 .comment       0x00000000       0x46 frtos/list.o
 .ARM.attributes
                0x00000000       0x2d frtos/list.o
 .text          0x00000000     0x12d8 frtos/tasks.o
 .data          0x00000000        0x0 frtos/tasks.o
 .bss           0x00000000       0xd8 frtos/tasks.o
 .rodata        0x00000000        0x9 frtos/tasks.o
 .comment       0x00000000       0x46 frtos/tasks.o
 .ARM.attributes
                0x00000000       0x2d frtos/tasks.o
 .text          0x00000000      0xeb8 frtos/queue.o
 .data          0x00000000        0x0 frtos/queue.o
 .bss           0x00000000       0x50 frtos/queue.o
 .comment       0x00000000       0x46 frtos/queue.o
 .ARM.attributes
                0x00000000       0x2d frtos/queue.o
 .text          0x00000000      0x508 frtos/portable/MemMang/heap_4.o
 .data          0x00000000        0x0 frtos/portable/MemMang/heap_4.o
 .bss           0x00000000     0x201c frtos/portable/MemMang/heap_4.o
 .rodata        0x00000000        0x4 frtos/portable/MemMang/heap_4.o
 .comment       0x00000000       0x46 frtos/portable/MemMang/heap_4.o
 .ARM.attributes
                0x00000000       0x2d frtos/portable/MemMang/heap_4.o
 .text          0x00000000       0x14 includes/startup_stm32f103x6.o
 .data          0x00000000        0x0 includes/startup_stm32f103x6.o
 .bss           0x00000000        0x0 includes/startup_stm32f103x6.o
 .text          0x00000000        0x0 /nix/store/akhr6dy289x36fwlhak6kman61dj2blg-gcc-arm-embedded-14.2.rel1/bin/../lib/gcc/arm-none-eabi/14.2.1/../../../../arm-none-eabi/lib/thumb/v7-m/nofp/libc.a(libc_a-memset.o)
 .data          0x00000000        0x0 /nix/store/akhr6dy289x36fwlhak6kman61dj2blg-gcc-arm-embedded-14.2.rel1/bin/../lib/gcc/arm-none-eabi/14.2.1/../../../../arm-none-eabi/lib/thumb/v7-m/nofp/libc.a(libc_a-memset.o)
 .bss           0x00000000        0x0 /nix/store/akhr6dy289x36fwlhak6kman61dj2blg-gcc-arm-embedded-14.2.rel1/bin/../lib/gcc/arm-none-eabi/14.2.1/../../../../arm-none-eabi/lib/thumb/v7-m/nofp/libc.a(libc_a-memset.o)
 .text.memset   0x00000000       0x9c /nix/store/akhr6dy289x36fwlhak6kman61dj2blg-gcc-arm-embedded-14.2.rel1/bin/../lib/gcc/arm-none-eabi/14.2.1/../../../../arm-none-eabi/lib/thumb/v7-m/nofp/libc.a(libc_a-memset.o)
 .debug_frame   0x00000000       0x2c /nix/store/akhr6dy289x36fwlhak6kman61dj2blg-gcc-arm-embedded-14.2.rel1/bin/../lib/gcc/arm-none-eabi/14.2.1/../../../../arm-none-eabi/lib/thumb/v7-m/nofp/libc.a(libc_a-memset.o)
 .ARM.attributes
                0x00000000       0x2d /nix/store/akhr6dy289x36fwlhak6kman61dj2blg-gcc-arm-embedded-14.2.rel1/bin/../lib/gcc/arm-none-eabi/14.2.1/../../../../arm-none-eabi/lib/thumb/v7-m/nofp/libc.a(libc_a-memset.o)
 .text          0x00000000       0xec /nix/store/akhr6dy289x36fwlhak6kman61dj2blg-gcc-arm-embedded-14.2.rel1/bin/../lib/gcc/arm-none-eabi/14.2.1/../../../../arm-none-eabi/lib/thumb/v7-m/nofp/libc.a(libc_a-memcpy.o)
 .data          0x00000000        0x0 /nix/store/akhr6dy289x36fwlhak6kman61dj2blg-gcc-arm-embedded-14.2.rel1/bin/../lib/gcc/arm-none-eabi/14.2.1/../../../../arm-none-eabi/lib/thumb/v7-m/nofp/libc.a(libc_a-memcpy.o)
 .bss           0x00000000        0x0 /nix/store/akhr6dy289x36fwlhak6kman61dj2blg-gcc-arm-embedded-14.2.rel1/bin/../lib/gcc/arm-none-eabi/14.2.1/../../../../arm-none-eabi/lib/thumb/v7-m/nofp/libc.a(libc_a-memcpy.o)
 .ARM.extab     0x00000000        0x0 /nix/store/akhr6dy289x36fwlhak6kman61dj2blg-gcc-arm-embedded-14.2.rel1/bin/../lib/gcc/arm-none-eabi/14.2.1/../../../../arm-none-eabi/lib/thumb/v7-m/nofp/libc.a(libc_a-memcpy.o)
 .ARM.exidx     0x00000000        0x8 /nix/store/akhr6dy289x36fwlhak6kman61dj2blg-gcc-arm-embedded-14.2.rel1/bin/../lib/gcc/arm-none-eabi/14.2.1/../../../../arm-none-eabi/lib/thumb/v7-m/nofp/libc.a(libc_a-memcpy.o)
 .debug_line_str
                0x00000000       0xd8 /nix/store/akhr6dy289x36fwlhak6kman61dj2blg-gcc-arm-embedded-14.2.rel1/bin/../lib/gcc/arm-none-eabi/14.2.1/../../../../arm-none-eabi/lib/thumb/v7-m/nofp/libc.a(libc_a-memcpy.o)
 .debug_frame   0x00000000       0x28 /nix/store/akhr6dy289x36fwlhak6kman61dj2blg-gcc-arm-embedded-14.2.rel1/bin/../lib/gcc/arm-none-eabi/14.2.1/../../../../arm-none-eabi/lib/thumb/v7-m/nofp/libc.a(libc_a-memcpy.o)
 .ARM.attributes
                0x00000000       0x1b /nix/store/akhr6dy289x36fwlhak6kman61dj2blg-gcc-arm-embedded-14.2.rel1/bin/../lib/gcc/arm-none-eabi/14.2.1/../../../../arm-none-eabi/lib/thumb/v7-m/nofp/libc.a(libc_a-memcpy.o)

Memory Configuration

Name             Origin             Length             Attributes
FLASH            0x08000000         0x00008000         xr
RAM              0x20000000         0x00002800         xrw
*default*        0x00000000         0xffffffff

Linker script and memory map

LOAD main.o
LOAD frtos/portable/GCC/ARM_CM3/port.o
LOAD frtos/list.o
LOAD frtos/tasks.o
LOAD frtos/queue.o
LOAD frtos/portable/MemMang/heap_4.o
LOAD includes/startup_stm32f103x6.o
LOAD /nix/store/akhr6dy289x36fwlhak6kman61dj2blg-gcc-arm-embedded-14.2.rel1/bin/../lib/gcc/arm-none-eabi/14.2.1/thumb/v7-m/nofp/libgcc.a
LOAD /nix/store/akhr6dy289x36fwlhak6kman61dj2blg-gcc-arm-embedded-14.2.rel1/bin/../lib/gcc/arm-none-eabi/14.2.1/../../../../arm-none-eabi/lib/thumb/v7-m/nofp/libc.a
                0x20002800                        _estack = 0x20002800
                0x00000200                        _Min_Heap_Size = 0x200
                0x00000400                        _Min_Stack_Size = 0x400

.isr_vector     0x08000000      0x10c
                0x08000000                        . = ALIGN (0x4)
 *(.isr_vector)
 .isr_vector    0x08000000      0x10c includes/startup_stm32f103x6.o
                0x08000000                g_pfnVectors
                0x0800010c                        . = ALIGN (0x4)

.text           0x0800010c       0xe8
                0x0800010c                        . = ALIGN (0x4)
 *(.text)
 .text          0x0800010c       0xa4 main.o
                0x0800010c                main
 *(.text*)
 .text.Reset_Handler
                0x080001b0       0x40 includes/startup_stm32f103x6.o
                0x080001b0                Reset_Handler
 .text.Default_Handler
                0x080001f0        0x2 includes/startup_stm32f103x6.o
                0x080001f0                RTC_Alarm_IRQHandler
                0x080001f0                EXTI2_IRQHandler
                0x080001f0                DebugMon_Handler
                0x080001f0                TIM1_CC_IRQHandler
                0x080001f0                HardFault_Handler
                0x080001f0                SysTick_Handler
                0x080001f0                PVD_IRQHandler
                0x080001f0                PendSV_Handler
                0x080001f0                NMI_Handler
                0x080001f0                EXTI3_IRQHandler
                0x080001f0                EXTI0_IRQHandler
                0x080001f0                UsageFault_Handler
                0x080001f0                ADC1_2_IRQHandler
                0x080001f0                SPI1_IRQHandler
                0x080001f0                TAMPER_IRQHandler
                0x080001f0                DMA1_Channel4_IRQHandler
                0x080001f0                RTC_IRQHandler
                0x080001f0                DMA1_Channel7_IRQHandler
                0x080001f0                CAN1_RX1_IRQHandler
                0x080001f0                I2C1_EV_IRQHandler
                0x080001f0                DMA1_Channel6_IRQHandler
                0x080001f0                TIM3_IRQHandler
                0x080001f0                RCC_IRQHandler
                0x080001f0                TIM1_TRG_COM_IRQHandler
                0x080001f0                DMA1_Channel1_IRQHandler
                0x080001f0                Default_Handler
                0x080001f0                EXTI15_10_IRQHandler
                0x080001f0                EXTI9_5_IRQHandler
                0x080001f0                MemManage_Handler
                0x080001f0                SVC_Handler
                0x080001f0                DMA1_Channel5_IRQHandler
                0x080001f0                EXTI4_IRQHandler
                0x080001f0                USB_LP_CAN1_RX0_IRQHandler
                0x080001f0                USB_HP_CAN1_TX_IRQHandler
                0x080001f0                DMA1_Channel3_IRQHandler
                0x080001f0                TIM1_UP_IRQHandler
                0x080001f0                WWDG_IRQHandler
                0x080001f0                TIM2_IRQHandler
                0x080001f0                TIM1_BRK_IRQHandler
                0x080001f0                EXTI1_IRQHandler
                0x080001f0                USART2_IRQHandler
                0x080001f0                DMA1_Channel2_IRQHandler
                0x080001f0                CAN1_SCE_IRQHandler
                0x080001f0                FLASH_IRQHandler
                0x080001f0                BusFault_Handler
                0x080001f0                USART1_IRQHandler
                0x080001f0                I2C1_ER_IRQHandler
                0x080001f0                USBWakeUp_IRQHandler
 *(.glue_7)
 .glue_7        0x080001f2        0x0 linker stubs
 *(.glue_7t)
 .glue_7t       0x080001f2        0x0 linker stubs
 *(.eh_frame)
 *(.init)
 *(.fini)
                0x080001f4                        . = ALIGN (0x4)
 *fill*         0x080001f2        0x2 
                0x080001f4                        _etext = .

.vfp11_veneer   0x080001f4        0x0
 .vfp11_veneer  0x080001f4        0x0 linker stubs

.v4_bx          0x080001f4        0x0
 .v4_bx         0x080001f4        0x0 linker stubs

.iplt           0x080001f4        0x0
 .iplt          0x080001f4        0x0 includes/startup_stm32f103x6.o

.rel.dyn        0x080001f4        0x0
 .rel.iplt      0x080001f4        0x0 includes/startup_stm32f103x6.o

.rodata         0x080001f4        0x0
                0x080001f4                        . = ALIGN (0x4)
 *(.rodata)
 *(.rodata*)
                0x080001f4                        . = ALIGN (0x4)

.ARM.extab
 *(.ARM.extab* .gnu.linkonce.armextab.*)

.ARM            0x080001f4        0x0
                0x080001f4                        __exidx_start = .
 *(.ARM.exidx*)
                0x080001f4                        __exidx_end = .

.preinit_array  0x080001f4        0x0
                [!provide]                        PROVIDE (__preinit_array_start = .)
 *(.preinit_array*)
                [!provide]                        PROVIDE (__preinit_array_end = .)

.init_array     0x080001f4        0x0
                [!provide]                        PROVIDE (__init_array_start = .)
 *(SORT_BY_NAME(.init_array.*))
 *(.init_array*)
                [!provide]                        PROVIDE (__init_array_end = .)

.fini_array     0x080001f4        0x0
                [!provide]                        PROVIDE (__fini_array_start = .)
 *(SORT_BY_NAME(.fini_array.*))
 *(.fini_array*)
                [!provide]                        PROVIDE (__fini_array_end = .)
                0x080001f4                        _sidata = LOADADDR (.data)

.data           0x20000000        0x0 load address 0x080001f4
                0x20000000                        . = ALIGN (0x4)
                0x20000000                        _sdata = .
 *(.data)
 *(.data*)
                0x20000000                        . = ALIGN (0x4)
                0x20000000                        _edata = .

.igot.plt       0x20000000        0x0 load address 0x080001f4
 .igot.plt      0x20000000        0x0 includes/startup_stm32f103x6.o
                0x20000000                        . = ALIGN (0x4)

.bss            0x20000000        0x0 load address 0x080001f4
                0x20000000                        _sbss = .
                0x20000000                        __bss_start__ = _sbss
 *(.bss)
 *(.bss*)
 *(COMMON)
                0x20000000                        . = ALIGN (0x4)
                0x20000000                        _ebss = .
                0x20000000                        __bss_end__ = _ebss

._user_heap_stack
                0x20000000      0x600 load address 0x080001f4
                0x20000000                        . = ALIGN (0x8)
                [!provide]                        PROVIDE (end = .)
                [!provide]                        PROVIDE (_end = .)
                0x20000200                        . = (. + _Min_Heap_Size)
 *fill*         0x20000000      0x200 
                0x20000600                        . = (. + _Min_Stack_Size)
 *fill*         0x20000200      0x400 
                0x20000600                        . = ALIGN (0x8)

/DISCARD/
 libc.a(*)
 libm.a(*)
 libgcc.a(*)

.ARM.attributes
                0x00000000       0x2b
 *(.ARM.attributes)
 .ARM.attributes
                0x00000000       0x2d main.o
 .ARM.attributes
                0x0000002d       0x21 includes/startup_stm32f103x6.o
OUTPUT(main.elf elf32-littlearm)
LOAD linker stubs
LOAD /nix/store/akhr6dy289x36fwlhak6kman61dj2blg-gcc-arm-embedded-14.2.rel1/bin/../lib/gcc/arm-none-eabi/14.2.1/../../../../arm-none-eabi/lib/thumb/v7-m/nofp/libc.a
LOAD /nix/store/akhr6dy289x36fwlhak6kman61dj2blg-gcc-arm-embedded-14.2.rel1/bin/../lib/gcc/arm-none-eabi/14.2.1/../../../../arm-none-eabi/lib/thumb/v7-m/nofp/libm.a
LOAD /nix/store/akhr6dy289x36fwlhak6kman61dj2blg-gcc-arm-embedded-14.2.rel1/bin/../lib/gcc/arm-none-eabi/14.2.1/thumb/v7-m/nofp/libgcc.a

.comment        0x00000000       0x45
 .comment       0x00000000       0x45 main.o
                                 0x46 (size before relaxing)
