Archive member included to satisfy reference by file (symbol)

/nix/store/akhr6dy289x36fwlhak6kman61dj2blg-gcc-arm-embedded-14.2.rel1/bin/../lib/gcc/arm-none-eabi/14.2.1/thumb/v7-m/nofp/libgcc.a(_aeabi_uldivmod.o)
                              main.o (__aeabi_uldivmod)
/nix/store/akhr6dy289x36fwlhak6kman61dj2blg-gcc-arm-embedded-14.2.rel1/bin/../lib/gcc/arm-none-eabi/14.2.1/thumb/v7-m/nofp/libgcc.a(_udivmoddi4.o)
                              /nix/store/akhr6dy289x36fwlhak6kman61dj2blg-gcc-arm-embedded-14.2.rel1/bin/../lib/gcc/arm-none-eabi/14.2.1/thumb/v7-m/nofp/libgcc.a(_aeabi_uldivmod.o) (__udivmoddi4)
/nix/store/akhr6dy289x36fwlhak6kman61dj2blg-gcc-arm-embedded-14.2.rel1/bin/../lib/gcc/arm-none-eabi/14.2.1/thumb/v7-m/nofp/libgcc.a(_dvmd_tls.o)
                              /nix/store/akhr6dy289x36fwlhak6kman61dj2blg-gcc-arm-embedded-14.2.rel1/bin/../lib/gcc/arm-none-eabi/14.2.1/thumb/v7-m/nofp/libgcc.a(_aeabi_uldivmod.o) (__aeabi_ldiv0)
/nix/store/akhr6dy289x36fwlhak6kman61dj2blg-gcc-arm-embedded-14.2.rel1/bin/../lib/gcc/arm-none-eabi/14.2.1/../../../../arm-none-eabi/lib/thumb/v7-m/nofp/libc.a(libc_a-memset.o)
                              frtos/tasks.o (memset)
/nix/store/akhr6dy289x36fwlhak6kman61dj2blg-gcc-arm-embedded-14.2.rel1/bin/../lib/gcc/arm-none-eabi/14.2.1/../../../../arm-none-eabi/lib/thumb/v7-m/nofp/libc.a(libc_a-memcpy.o)
                              frtos/queue.o (memcpy)

Discarded input sections

 .data          0x00000000        0x0 main.o
 .bss           0x00000000        0x0 main.o
 .bss           0x00000000        0x0 frtos/portable/GCC/ARM_CM3/port.o
 .data          0x00000000        0x0 frtos/list.o
 .bss           0x00000000        0x0 frtos/list.o
 .data          0x00000000        0x0 frtos/tasks.o
 .text          0x00000000      0xeb8 frtos/queue.o
 .data          0x00000000        0x0 frtos/queue.o
 .bss           0x00000000       0x50 frtos/queue.o
 .comment       0x00000000       0x46 frtos/queue.o
 .ARM.attributes
                0x00000000       0x2d frtos/queue.o
 .data          0x00000000        0x0 frtos/portable/MemMang/heap_4.o
 .rodata        0x00000000        0x4 frtos/portable/MemMang/heap_4.o
 .text          0x00000000       0x14 includes/startup_stm32f103x6.o
 .data          0x00000000        0x0 includes/startup_stm32f103x6.o
 .bss           0x00000000        0x0 includes/startup_stm32f103x6.o
 .data          0x00000000        0x0 /nix/store/akhr6dy289x36fwlhak6kman61dj2blg-gcc-arm-embedded-14.2.rel1/bin/../lib/gcc/arm-none-eabi/14.2.1/thumb/v7-m/nofp/libgcc.a(_aeabi_uldivmod.o)
 .bss           0x00000000        0x0 /nix/store/akhr6dy289x36fwlhak6kman61dj2blg-gcc-arm-embedded-14.2.rel1/bin/../lib/gcc/arm-none-eabi/14.2.1/thumb/v7-m/nofp/libgcc.a(_aeabi_uldivmod.o)
 .text          0x00000000        0x0 /nix/store/akhr6dy289x36fwlhak6kman61dj2blg-gcc-arm-embedded-14.2.rel1/bin/../lib/gcc/arm-none-eabi/14.2.1/thumb/v7-m/nofp/libgcc.a(_udivmoddi4.o)
 .data          0x00000000        0x0 /nix/store/akhr6dy289x36fwlhak6kman61dj2blg-gcc-arm-embedded-14.2.rel1/bin/../lib/gcc/arm-none-eabi/14.2.1/thumb/v7-m/nofp/libgcc.a(_udivmoddi4.o)
 .bss           0x00000000        0x0 /nix/store/akhr6dy289x36fwlhak6kman61dj2blg-gcc-arm-embedded-14.2.rel1/bin/../lib/gcc/arm-none-eabi/14.2.1/thumb/v7-m/nofp/libgcc.a(_udivmoddi4.o)
 .ARM.extab.text.__udivmoddi4
                0x00000000        0x0 /nix/store/akhr6dy289x36fwlhak6kman61dj2blg-gcc-arm-embedded-14.2.rel1/bin/../lib/gcc/arm-none-eabi/14.2.1/thumb/v7-m/nofp/libgcc.a(_udivmoddi4.o)
 .data          0x00000000        0x0 /nix/store/akhr6dy289x36fwlhak6kman61dj2blg-gcc-arm-embedded-14.2.rel1/bin/../lib/gcc/arm-none-eabi/14.2.1/thumb/v7-m/nofp/libgcc.a(_dvmd_tls.o)
 .bss           0x00000000        0x0 /nix/store/akhr6dy289x36fwlhak6kman61dj2blg-gcc-arm-embedded-14.2.rel1/bin/../lib/gcc/arm-none-eabi/14.2.1/thumb/v7-m/nofp/libgcc.a(_dvmd_tls.o)
 .text          0x00000000        0x0 /nix/store/akhr6dy289x36fwlhak6kman61dj2blg-gcc-arm-embedded-14.2.rel1/bin/../lib/gcc/arm-none-eabi/14.2.1/../../../../arm-none-eabi/lib/thumb/v7-m/nofp/libc.a(libc_a-memset.o)
 .data          0x00000000        0x0 /nix/store/akhr6dy289x36fwlhak6kman61dj2blg-gcc-arm-embedded-14.2.rel1/bin/../lib/gcc/arm-none-eabi/14.2.1/../../../../arm-none-eabi/lib/thumb/v7-m/nofp/libc.a(libc_a-memset.o)
 .bss           0x00000000        0x0 /nix/store/akhr6dy289x36fwlhak6kman61dj2blg-gcc-arm-embedded-14.2.rel1/bin/../lib/gcc/arm-none-eabi/14.2.1/../../../../arm-none-eabi/lib/thumb/v7-m/nofp/libc.a(libc_a-memset.o)
 .text          0x00000000       0xec /nix/store/akhr6dy289x36fwlhak6kman61dj2blg-gcc-arm-embedded-14.2.rel1/bin/../lib/gcc/arm-none-eabi/14.2.1/../../../../arm-none-eabi/lib/thumb/v7-m/nofp/libc.a(libc_a-memcpy.o)
 .data          0x00000000        0x0 /nix/store/akhr6dy289x36fwlhak6kman61dj2blg-gcc-arm-embedded-14.2.rel1/bin/../lib/gcc/arm-none-eabi/14.2.1/../../../../arm-none-eabi/lib/thumb/v7-m/nofp/libc.a(libc_a-memcpy.o)
 .bss           0x00000000        0x0 /nix/store/akhr6dy289x36fwlhak6kman61dj2blg-gcc-arm-embedded-14.2.rel1/bin/../lib/gcc/arm-none-eabi/14.2.1/../../../../arm-none-eabi/lib/thumb/v7-m/nofp/libc.a(libc_a-memcpy.o)
 .ARM.extab     0x00000000        0x0 /nix/store/akhr6dy289x36fwlhak6kman61dj2blg-gcc-arm-embedded-14.2.rel1/bin/../lib/gcc/arm-none-eabi/14.2.1/../../../../arm-none-eabi/lib/thumb/v7-m/nofp/libc.a(libc_a-memcpy.o)
 .ARM.exidx     0x00000000        0x8 /nix/store/akhr6dy289x36fwlhak6kman61dj2blg-gcc-arm-embedded-14.2.rel1/bin/../lib/gcc/arm-none-eabi/14.2.1/../../../../arm-none-eabi/lib/thumb/v7-m/nofp/libc.a(libc_a-memcpy.o)
 .debug_line_str
                0x00000000       0xd8 /nix/store/akhr6dy289x36fwlhak6kman61dj2blg-gcc-arm-embedded-14.2.rel1/bin/../lib/gcc/arm-none-eabi/14.2.1/../../../../arm-none-eabi/lib/thumb/v7-m/nofp/libc.a(libc_a-memcpy.o)
 .debug_frame   0x00000000       0x28 /nix/store/akhr6dy289x36fwlhak6kman61dj2blg-gcc-arm-embedded-14.2.rel1/bin/../lib/gcc/arm-none-eabi/14.2.1/../../../../arm-none-eabi/lib/thumb/v7-m/nofp/libc.a(libc_a-memcpy.o)
 .ARM.attributes
                0x00000000       0x1b /nix/store/akhr6dy289x36fwlhak6kman61dj2blg-gcc-arm-embedded-14.2.rel1/bin/../lib/gcc/arm-none-eabi/14.2.1/../../../../arm-none-eabi/lib/thumb/v7-m/nofp/libc.a(libc_a-memcpy.o)

Memory Configuration

Name             Origin             Length             Attributes
FLASH            0x08000000         0x00008000         xr
RAM              0x20000000         0x00002800         xrw
*default*        0x00000000         0xffffffff

Linker script and memory map

LOAD main.o
LOAD frtos/portable/GCC/ARM_CM3/port.o
LOAD frtos/list.o
LOAD frtos/tasks.o
LOAD frtos/queue.o
LOAD frtos/portable/MemMang/heap_4.o
LOAD includes/startup_stm32f103x6.o
LOAD /nix/store/akhr6dy289x36fwlhak6kman61dj2blg-gcc-arm-embedded-14.2.rel1/bin/../lib/gcc/arm-none-eabi/14.2.1/thumb/v7-m/nofp/libgcc.a
LOAD /nix/store/akhr6dy289x36fwlhak6kman61dj2blg-gcc-arm-embedded-14.2.rel1/bin/../lib/gcc/arm-none-eabi/14.2.1/../../../../arm-none-eabi/lib/thumb/v7-m/nofp/libc.a
                0x20002800                        _estack = 0x20002800
                0x00000200                        _Min_Heap_Size = 0x200
                0x00000400                        _Min_Stack_Size = 0x400

.isr_vector     0x08000000      0x10c
                0x08000000                        . = ALIGN (0x4)
 *(.isr_vector)
 .isr_vector    0x08000000      0x10c includes/startup_stm32f103x6.o
                0x08000000                g_pfnVectors
                0x0800010c                        . = ALIGN (0x4)

.text           0x0800010c     0x20a8
                0x0800010c                        . = ALIGN (0x4)
 *(.text)
 .text          0x0800010c      0x100 main.o
                0x0800010c                main
 .text          0x0800020c      0x260 frtos/portable/GCC/ARM_CM3/port.o
                0x0800020c                pxPortInitialiseStack
                0x08000296                SVC_handler
                0x080002de                xPortStartScheduler
                0x08000338                vPortEndScheduler
                0x08000344                vPortEnterCritical
                0x08000378                vPortExitCritical
                0x080003ac                PendSV_handler
                0x080003f2                SysTick_handler
                0x08000438                vPortSetupTimerInterrupt
 .text          0x0800046c      0x15e frtos/list.o
                0x0800046c                vListInitialise
                0x080004aa                vListInitialiseItem
                0x080004c2                vListInsertEnd
                0x08000508                vListInsert
                0x08000578                uxListRemove
 *fill*         0x080005ca        0x2 
 .text          0x080005cc     0x12d8 frtos/tasks.o
                0x08000630                xTaskCreateStatic
                0x080006fc                xTaskCreate
                0x08000938                vTaskDelay
                0x08000a6c                vTaskStartScheduler
                0x08000ad4                vTaskEndScheduler
                0x08000b04                vTaskSuspendAll
                0x08000b20                xTaskResumeAll
                0x08000d10                xTaskGetTickCount
                0x08000d2c                xTaskGetTickCountFromISR
                0x08000d4c                uxTaskGetNumberOfTasks
                0x08000d60                pcTaskGetName
                0x08000d8c                xTaskGetStaticBuffers
                0x08000df8                xTaskCatchUpTicks
                0x08000e2c                xTaskIncrementTick
                0x08001020                vTaskSwitchContext
                0x080010ac                vTaskPlaceOnEventList
                0x080010d8                vTaskPlaceOnUnorderedEventList
                0x08001148                vTaskPlaceOnEventListRestricted
                0x080011b8                xTaskRemoveFromEventList
                0x0800134c                vTaskRemoveFromUnorderedEventList
                0x08001490                vTaskSetTimeOutState
                0x080014c0                vTaskInternalSetTimeOutState
                0x080014ec                xTaskCheckForTimeOut
                0x08001570                vTaskMissedYield
                0x080015b8                vTaskSetThreadLocalStoragePointer
                0x080015fc                pvTaskGetThreadLocalStoragePointer
                0x080016f8                xTaskGetSchedulerState
                0x08001734                uxTaskResetEventItemValue
                0x08001810                vTaskResetState
 .text          0x080018a4      0x508 frtos/portable/MemMang/heap_4.o
                0x080018a4                pvPortMalloc
                0x08001a08                vPortFree
                0x08001a9c                xPortGetFreeHeapSize
                0x08001ab0                xPortGetMinimumEverFreeHeapSize
                0x08001ac4                xPortResetHeapMinimumEverFreeHeapSize
                0x08001ae0                vPortInitialiseBlocks
                0x08001aec                pvPortCalloc
                0x08001cb0                vPortGetHeapStats
                0x08001d6c                vPortHeapResetState
 .text          0x08001dac       0x30 /nix/store/akhr6dy289x36fwlhak6kman61dj2blg-gcc-arm-embedded-14.2.rel1/bin/../lib/gcc/arm-none-eabi/14.2.1/thumb/v7-m/nofp/libgcc.a(_aeabi_uldivmod.o)
                0x08001dac                __aeabi_uldivmod
 .text          0x08001ddc        0x4 /nix/store/akhr6dy289x36fwlhak6kman61dj2blg-gcc-arm-embedded-14.2.rel1/bin/../lib/gcc/arm-none-eabi/14.2.1/thumb/v7-m/nofp/libgcc.a(_dvmd_tls.o)
                0x08001ddc                __aeabi_ldiv0
                0x08001ddc                __aeabi_idiv0
 *(.text*)
 .text.Reset_Handler
                0x08001de0       0x40 includes/startup_stm32f103x6.o
                0x08001de0                Reset_Handler
 .text.Default_Handler
                0x08001e20        0x2 includes/startup_stm32f103x6.o
                0x08001e20                RTC_Alarm_IRQHandler
                0x08001e20                EXTI2_IRQHandler
                0x08001e20                DebugMon_Handler
                0x08001e20                TIM1_CC_IRQHandler
                0x08001e20                HardFault_Handler
                0x08001e20                SysTick_Handler
                0x08001e20                PVD_IRQHandler
                0x08001e20                PendSV_Handler
                0x08001e20                NMI_Handler
                0x08001e20                EXTI3_IRQHandler
                0x08001e20                EXTI0_IRQHandler
                0x08001e20                UsageFault_Handler
                0x08001e20                ADC1_2_IRQHandler
                0x08001e20                SPI1_IRQHandler
                0x08001e20                TAMPER_IRQHandler
                0x08001e20                DMA1_Channel4_IRQHandler
                0x08001e20                RTC_IRQHandler
                0x08001e20                DMA1_Channel7_IRQHandler
                0x08001e20                CAN1_RX1_IRQHandler
                0x08001e20                I2C1_EV_IRQHandler
                0x08001e20                DMA1_Channel6_IRQHandler
                0x08001e20                TIM3_IRQHandler
                0x08001e20                RCC_IRQHandler
                0x08001e20                TIM1_TRG_COM_IRQHandler
                0x08001e20                DMA1_Channel1_IRQHandler
                0x08001e20                Default_Handler
                0x08001e20                EXTI15_10_IRQHandler
                0x08001e20                EXTI9_5_IRQHandler
                0x08001e20                MemManage_Handler
                0x08001e20                SVC_Handler
                0x08001e20                DMA1_Channel5_IRQHandler
                0x08001e20                EXTI4_IRQHandler
                0x08001e20                USB_LP_CAN1_RX0_IRQHandler
                0x08001e20                USB_HP_CAN1_TX_IRQHandler
                0x08001e20                DMA1_Channel3_IRQHandler
                0x08001e20                TIM1_UP_IRQHandler
                0x08001e20                WWDG_IRQHandler
                0x08001e20                TIM2_IRQHandler
                0x08001e20                TIM1_BRK_IRQHandler
                0x08001e20                EXTI1_IRQHandler
                0x08001e20                USART2_IRQHandler
                0x08001e20                DMA1_Channel2_IRQHandler
                0x08001e20                CAN1_SCE_IRQHandler
                0x08001e20                FLASH_IRQHandler
                0x08001e20                BusFault_Handler
                0x08001e20                USART1_IRQHandler
                0x08001e20                I2C1_ER_IRQHandler
                0x08001e20                USBWakeUp_IRQHandler
 *fill*         0x08001e22        0x2 
 .text.__udivmoddi4
                0x08001e24      0x2f4 /nix/store/akhr6dy289x36fwlhak6kman61dj2blg-gcc-arm-embedded-14.2.rel1/bin/../lib/gcc/arm-none-eabi/14.2.1/thumb/v7-m/nofp/libgcc.a(_udivmoddi4.o)
                0x08001e24                __udivmoddi4
 .text.memset   0x08002118       0x9c /nix/store/akhr6dy289x36fwlhak6kman61dj2blg-gcc-arm-embedded-14.2.rel1/bin/../lib/gcc/arm-none-eabi/14.2.1/../../../../arm-none-eabi/lib/thumb/v7-m/nofp/libc.a(libc_a-memset.o)
                0x08002118                memset
 *(.glue_7)
 .glue_7        0x080021b4        0x0 linker stubs
 *(.glue_7t)
 .glue_7t       0x080021b4        0x0 linker stubs
 *(.eh_frame)
 *(.init)
 *(.fini)
                0x080021b4                        . = ALIGN (0x4)
                0x080021b4                        _etext = .

.vfp11_veneer   0x080021b4        0x0
 .vfp11_veneer  0x080021b4        0x0 linker stubs

.v4_bx          0x080021b4        0x0
 .v4_bx         0x080021b4        0x0 linker stubs

.iplt           0x080021b4        0x0
 .iplt          0x080021b4        0x0 main.o

.rodata         0x080021b4       0x1c
                0x080021b4                        . = ALIGN (0x4)
 *(.rodata)
 .rodata        0x080021b4        0xd main.o
 *fill*         0x080021c1        0x3 
 .rodata        0x080021c4        0x9 frtos/tasks.o
 *(.rodata*)
                0x080021d0                        . = ALIGN (0x4)
 *fill*         0x080021cd        0x3 

.ARM.extab
 *(.ARM.extab* .gnu.linkonce.armextab.*)

.ARM            0x080021d0        0x8
                0x080021d0                        __exidx_start = .
 *(.ARM.exidx*)
 .ARM.exidx.text.__udivmoddi4
                0x080021d0        0x8 /nix/store/akhr6dy289x36fwlhak6kman61dj2blg-gcc-arm-embedded-14.2.rel1/bin/../lib/gcc/arm-none-eabi/14.2.1/thumb/v7-m/nofp/libgcc.a(_udivmoddi4.o)
                0x080021d8                        __exidx_end = .

.rel.dyn        0x080021d8        0x0
 .rel.iplt      0x080021d8        0x0 main.o

.preinit_array  0x080021d8        0x0
                [!provide]                        PROVIDE (__preinit_array_start = .)
 *(.preinit_array*)
                [!provide]                        PROVIDE (__preinit_array_end = .)

.init_array     0x080021d8        0x0
                [!provide]                        PROVIDE (__init_array_start = .)
 *(SORT_BY_NAME(.init_array.*))
 *(.init_array*)
                [!provide]                        PROVIDE (__init_array_end = .)

.fini_array     0x080021d8        0x0
                [!provide]                        PROVIDE (__fini_array_start = .)
 *(SORT_BY_NAME(.fini_array.*))
 *(.fini_array*)
                [!provide]                        PROVIDE (__fini_array_end = .)
                0x080021d8                        _sidata = LOADADDR (.data)

.data           0x20000000        0x4 load address 0x080021d8
                0x20000000                        . = ALIGN (0x4)
                0x20000000                        _sdata = .
 *(.data)
 .data          0x20000000        0x4 frtos/portable/GCC/ARM_CM3/port.o
 *(.data*)
                0x20000004                        . = ALIGN (0x4)
                0x20000004                        _edata = .

.igot.plt       0x20000004        0x0 load address 0x080021dc
 .igot.plt      0x20000004        0x0 main.o
                0x20000004                        . = ALIGN (0x4)

.bss            0x20000004     0x20f4 load address 0x080021dc
                0x20000004                        _sbss = .
                0x20000004                        __bss_start__ = _sbss
 *(.bss)
 .bss           0x20000004       0xd8 frtos/tasks.o
                0x20000004                pxCurrentTCB
 .bss           0x200000dc     0x201c frtos/portable/MemMang/heap_4.o
 *(.bss*)
 *(COMMON)
                0x200020f8                        . = ALIGN (0x4)
                0x200020f8                        _ebss = .
                0x200020f8                        __bss_end__ = _ebss

._user_heap_stack
                0x200020f8      0x600 load address 0x080021dc
                0x200020f8                        . = ALIGN (0x8)
                [!provide]                        PROVIDE (end = .)
                [!provide]                        PROVIDE (_end = .)
                0x200022f8                        . = (. + _Min_Heap_Size)
 *fill*         0x200020f8      0x200 
                0x200026f8                        . = (. + _Min_Stack_Size)
 *fill*         0x200022f8      0x400 
                0x200026f8                        . = ALIGN (0x8)

/DISCARD/
 libc.a(*)
 libm.a(*)
 libgcc.a(*)

.ARM.attributes
                0x00000000       0x2b
 *(.ARM.attributes)
 .ARM.attributes
                0x00000000       0x2d main.o
 .ARM.attributes
                0x0000002d       0x2d frtos/portable/GCC/ARM_CM3/port.o
 .ARM.attributes
                0x0000005a       0x2d frtos/list.o
 .ARM.attributes
                0x00000087       0x2d frtos/tasks.o
 .ARM.attributes
                0x000000b4       0x2d frtos/portable/MemMang/heap_4.o
 .ARM.attributes
                0x000000e1       0x21 includes/startup_stm32f103x6.o
 .ARM.attributes
                0x00000102       0x1d /nix/store/akhr6dy289x36fwlhak6kman61dj2blg-gcc-arm-embedded-14.2.rel1/bin/../lib/gcc/arm-none-eabi/14.2.1/thumb/v7-m/nofp/libgcc.a(_aeabi_uldivmod.o)
 .ARM.attributes
                0x0000011f       0x2d /nix/store/akhr6dy289x36fwlhak6kman61dj2blg-gcc-arm-embedded-14.2.rel1/bin/../lib/gcc/arm-none-eabi/14.2.1/thumb/v7-m/nofp/libgcc.a(_udivmoddi4.o)
 .ARM.attributes
                0x0000014c       0x1d /nix/store/akhr6dy289x36fwlhak6kman61dj2blg-gcc-arm-embedded-14.2.rel1/bin/../lib/gcc/arm-none-eabi/14.2.1/thumb/v7-m/nofp/libgcc.a(_dvmd_tls.o)
 .ARM.attributes
                0x00000169       0x2d /nix/store/akhr6dy289x36fwlhak6kman61dj2blg-gcc-arm-embedded-14.2.rel1/bin/../lib/gcc/arm-none-eabi/14.2.1/../../../../arm-none-eabi/lib/thumb/v7-m/nofp/libc.a(libc_a-memset.o)
OUTPUT(main.elf elf32-littlearm)
LOAD linker stubs
LOAD /nix/store/akhr6dy289x36fwlhak6kman61dj2blg-gcc-arm-embedded-14.2.rel1/bin/../lib/gcc/arm-none-eabi/14.2.1/../../../../arm-none-eabi/lib/thumb/v7-m/nofp/libc.a
LOAD /nix/store/akhr6dy289x36fwlhak6kman61dj2blg-gcc-arm-embedded-14.2.rel1/bin/../lib/gcc/arm-none-eabi/14.2.1/../../../../arm-none-eabi/lib/thumb/v7-m/nofp/libm.a
LOAD /nix/store/akhr6dy289x36fwlhak6kman61dj2blg-gcc-arm-embedded-14.2.rel1/bin/../lib/gcc/arm-none-eabi/14.2.1/thumb/v7-m/nofp/libgcc.a

.comment        0x00000000       0x45
 .comment       0x00000000       0x45 main.o
                                 0x46 (size before relaxing)
 .comment       0x00000045       0x46 frtos/portable/GCC/ARM_CM3/port.o
 .comment       0x00000045       0x46 frtos/list.o
 .comment       0x00000045       0x46 frtos/tasks.o
 .comment       0x00000045       0x46 frtos/portable/MemMang/heap_4.o

.debug_line_str
                0x00000000       0xca
 .debug_line_str
                0x00000000       0xca /nix/store/akhr6dy289x36fwlhak6kman61dj2blg-gcc-arm-embedded-14.2.rel1/bin/../lib/gcc/arm-none-eabi/14.2.1/thumb/v7-m/nofp/libgcc.a(_aeabi_uldivmod.o)
                                 0xbe (size before relaxing)
 .debug_line_str
                0x000000ca       0xc2 /nix/store/akhr6dy289x36fwlhak6kman61dj2blg-gcc-arm-embedded-14.2.rel1/bin/../lib/gcc/arm-none-eabi/14.2.1/thumb/v7-m/nofp/libgcc.a(_dvmd_tls.o)

.debug_frame    0x00000000       0x8c
 .debug_frame   0x00000000       0x2c /nix/store/akhr6dy289x36fwlhak6kman61dj2blg-gcc-arm-embedded-14.2.rel1/bin/../lib/gcc/arm-none-eabi/14.2.1/thumb/v7-m/nofp/libgcc.a(_aeabi_uldivmod.o)
 .debug_frame   0x0000002c       0x34 /nix/store/akhr6dy289x36fwlhak6kman61dj2blg-gcc-arm-embedded-14.2.rel1/bin/../lib/gcc/arm-none-eabi/14.2.1/thumb/v7-m/nofp/libgcc.a(_udivmoddi4.o)
 .debug_frame   0x00000060       0x2c /nix/store/akhr6dy289x36fwlhak6kman61dj2blg-gcc-arm-embedded-14.2.rel1/bin/../lib/gcc/arm-none-eabi/14.2.1/../../../../arm-none-eabi/lib/thumb/v7-m/nofp/libc.a(libc_a-memset.o)
